// Jest Snapshot v1, https://goo.gl/fbAQLP

exports[`Expect <App /> to render correctly 1`] = `
<div
  className="app"
>
  <h1>
    Hey hey hey
  </h1>
  <hr />
  <ul>
    <li>
      Express
    </li>
    <li>
      React
    </li>
    <li>
      Webpack
    </li>
    <li>
      HMR
    </li>
    <li>
      SCSS
    </li>
  </ul>
</div>
`;
